// Jest Snapshot v1, https://goo.gl/fbAQLP

exports[`perf supports store.map 1`] = `""`;

exports[`perf supports store.subscribe 1`] = `""`;

exports[`perf supports throwing error in store.subscribe 1`] = `""`;

exports[`perf supports throwing error store.map 1`] = `""`;
