// Jest Snapshot v1, https://goo.gl/fbAQLP

exports[`no dull updates 1`] = `
Array [
  Array [
    false,
  ],
  Array [
    true,
  ],
  Array [
    false,
  ],
  Array [
    true,
  ],
  Array [
    false,
  ],
]
`;

exports[`no dull updates 2`] = `
Array [
  Array [
    false,
  ],
  Array [
    true,
  ],
  Array [
    false,
  ],
  Array [
    true,
  ],
  Array [
    false,
  ],
]
`;

exports[`no dull updates 3`] = `
Array [
  Array [
    false,
  ],
  Array [
    true,
  ],
  Array [
    false,
  ],
  Array [
    true,
  ],
  Array [
    false,
  ],
]
`;

exports[`reducer defaults 1`] = `
Object {
  "add": Array [
    Array [
      2,
      10,
      undefined,
    ],
    Array [
      2,
      2,
      undefined,
    ],
  ],
  "state": 2,
  "sub": Array [
    Array [
      3,
      1,
      undefined,
    ],
  ],
  "watch": Array [
    Array [
      3,
    ],
    Array [
      2,
    ],
  ],
}
`;
